// Jest Snapshot v1, https://goo.gl/fbAQLP

exports[`Navbar should match snapshot 1`] = `
<div>
  <div>
    <nav>
      <h1>
        My Record Shelf
      </h1>
    </nav>
  </div>
</div>
`;
